This is LuaHBTeX, Version 1.18.0 (TeX Live 2024)  (format=lualatex 2024.8.6)  12 SEP 2026 11:24
 restricted system commands enabled.
 file:line:error style messages enabled.
**/Users/yutas/Documents/shinzato.me/cv.tex
(/Users/yutas/Documents/shinzato.me/cv.tex
LaTeX2e <2024-06-01> patch level 2
L3 programming layer <2024-07-20>
Lua module: luaotfload 2024-02-14 3.28 Lua based OpenType font support
Lua module: lualibs 2023-07-13 2.76 ConTeXt Lua standard libraries.
Lua module: lualibs-extended 2023-07-13 2.76 ConTeXt Lua libraries -- extended collection.
luaotfload | conf : Root cache directory is "/Users/yutas/Library/texlive/2024/texmf-var/luatex-cache/generic/names".
luaotfload | init : Loading fontloader "fontloader-2023-12-28.lua" from kpse-resolved path "/usr/local/texlive/2024/texmf-dist/tex/luatex/luaotfload/fontloader-2023-12-28.lua".
Lua-only attribute luaotfload@noligature = 1
luaotfload | init : Context OpenType loader version 3.134
Inserting `luaotfload.node_processor' in `pre_linebreak_filter'.
Inserting `luaotfload.node_processor' in `hpack_filter'.
Inserting `luaotfload.glyph_stream' in `glyph_stream_provider'.
Inserting `luaotfload.define_font' in `define_font'.
Lua-only attribute luaotfload_color_attribute = 2
luaotfload | conf : Root cache directory is "/Users/yutas/Library/texlive/2024/texmf-var/luatex-cache/generic/names".
Inserting `luaotfload.harf.strip_prefix' in `find_opentype_file'.
Inserting `luaotfload.harf.strip_prefix' in `find_truetype_file'.
Removing  `luaotfload.glyph_stream' from `glyph_stream_provider'.
Inserting `luaotfload.harf.glyphstream' in `glyph_stream_provider'.
Inserting `luaotfload.harf.finalize_vlist' in `post_linebreak_filter'.
Inserting `luaotfload.harf.finalize_hlist' in `hpack_filter'.
Inserting `luaotfload.cleanup_files' in `wrapup_run'.
Inserting `luaotfload.harf.finalize_unicode' in `finish_pdffile'.
Inserting `luaotfload.glyphinfo' in `glyph_info'.
Lua-only attribute luaotfload.letterspace_done = 3
Inserting `luaotfload.aux.set_sscale_dimens' in `luaotfload.patch_font'.
Inserting `luaotfload.aux.set_font_index' in `luaotfload.patch_font'.
Inserting `luaotfload.aux.patch_cambria_domh' in `luaotfload.patch_font'.
Inserting `luaotfload.aux.fixup_fontdata' in `luaotfload.patch_font_unsafe'.
Inserting `luaotfload.aux.set_capheight' in `luaotfload.patch_font'.
Inserting `luaotfload.aux.set_xheight' in `luaotfload.patch_font'.
Inserting `luaotfload.rewrite_fontname' in `luaotfload.patch_font'.
Inserting `tracingstacklevels' in `input_level_string'. (/usr/local/texlive/2024/texmf-dist/tex/latex/base/article.cls
Document Class: article 2024/02/08 v1.4n Standard LaTeX document class
(/usr/local/texlive/2024/texmf-dist/tex/latex/base/size11.clo
File: size11.clo 2024/02/08 v1.4n Standard LaTeX file (size option)
luaotfload | db : Font names database loaded from /Users/yutas/Library/texlive/2024/texmf-var/luatex-cache/generic/names/luaotfload-names.luc.gz)
\c@part=\count192
\c@section=\count193
\c@subsection=\count194
\c@subsubsection=\count195
\c@paragraph=\count196
\c@subparagraph=\count197
\c@figure=\count198
\c@table=\count199
\abovecaptionskip=\skip49
\belowcaptionskip=\skip50
\bibindent=\dimen140
) (/usr/local/texlive/2024/texmf-dist/tex/latex/geometry/geometry.sty
Package: geometry 2020/01/02 v5.9 Page Geometry
 (/usr/local/texlive/2024/texmf-dist/tex/latex/graphics/keyval.sty
Package: keyval 2022/05/29 v1.15 key=value parser (DPC)
\KV@toks@=\toks17
) (/usr/local/texlive/2024/texmf-dist/tex/generic/iftex/ifvtex.sty
Package: ifvtex 2019/10/25 v1.7 ifvtex legacy package. Use iftex instead.
 (/usr/local/texlive/2024/texmf-dist/tex/generic/iftex/iftex.sty
Package: iftex 2022/02/03 v1.0f TeX engine tests
))
\Gm@cnth=\count266
\Gm@cntv=\count267
\c@Gm@tempcnt=\count268
\Gm@bindingoffset=\dimen141
\Gm@wd@mp=\dimen142
\Gm@odd@mp=\dimen143
\Gm@even@mp=\dimen144
\Gm@layoutwidth=\dimen145
\Gm@layoutheight=\dimen146
\Gm@layouthoffset=\dimen147
\Gm@layoutvoffset=\dimen148
\Gm@dimlist=\toks18
) (/usr/local/texlive/2024/texmf-dist/tex/latex/microtype/microtype.sty
Package: microtype 2024/03/29 v3.1b Micro-typographical refinements (RS)
 (/usr/local/texlive/2024/texmf-dist/tex/latex/etoolbox/etoolbox.sty
Package: etoolbox 2020/10/05 v2.5k e-TeX tools for LaTeX (JAW)
\etb@tempcnta=\count269
)
\MT@toks=\toks19
\MT@tempbox=\box52
\MT@count=\count270
LaTeX Info: Redefining \noprotrusionifhmode on input line 1061.
LaTeX Info: Redefining \leftprotrusion on input line 1062.
\MT@prot@toks=\toks20
LaTeX Info: Redefining \rightprotrusion on input line 1081.
LaTeX Info: Redefining \textls on input line 1392.
\MT@outer@kern=\dimen149
LaTeX Info: Redefining \textmicrotypecontext on input line 2013.
\MT@listname@count=\count271
 (/usr/local/texlive/2024/texmf-dist/tex/latex/microtype/microtype-luatex.def
File: microtype-luatex.def 2024/03/29 v3.1b Definitions specific to luatex (RS)
Lua module: microtype 2024/03/29 3.1b microtype module.
Module microtype Info: overwriting function `keepligature' on input line 63
LaTeX Info: Redefining \lsstyle on input line 693.
LaTeX Info: Redefining \lslig on input line 693.
\MT@outer@space=\skip51
)
Package microtype Info: Loading configuration file microtype.cfg.
 (/usr/local/texlive/2024/texmf-dist/tex/latex/microtype/microtype.cfg
File: microtype.cfg 2024/03/29 v3.1b microtype main configuration file (RS)
)) (/usr/local/texlive/2024/texmf-dist/tex/latex/tools/tabularx.sty
Package: tabularx 2023/12/11 v2.12a `tabularx' package (DPC)
 (/usr/local/texlive/2024/texmf-dist/tex/latex/tools/array.sty
Package: array 2024/06/14 v2.6d Tabular extension package (FMi)
\col@sep=\dimen150
\ar@mcellbox=\box53
\extrarowheight=\dimen151
\NC@list=\toks21
\extratabsurround=\skip52
\backup@length=\skip53
\ar@cellbox=\box54
)
\TX@col@width=\dimen152
\TX@old@table=\dimen153
\TX@old@col=\dimen154
\TX@target=\dimen155
\TX@delta=\dimen156
\TX@cols=\count272
\TX@ftn=\toks22
) (/usr/local/texlive/2024/texmf-dist/tex/latex/enumitem/enumitem.sty
Package: enumitem 2019/06/20 v3.9 Customized lists
\labelindent=\skip54
\enit@outerparindent=\dimen157
\enit@toks=\toks23
\enit@inbox=\box55
\enit@count@id=\count273
\enitdp@description=\count274
) (/usr/local/texlive/2024/texmf-dist/tex/latex/xcolor/xcolor.sty
Package: xcolor 2023/11/15 v3.01 LaTeX color extensions (UK)
 (/usr/local/texlive/2024/texmf-dist/tex/latex/graphics-cfg/color.cfg
File: color.cfg 2016/01/02 v1.6 sample color configuration
)
Package xcolor Info: Driver file: luatex.def on input line 274.
 (/usr/local/texlive/2024/texmf-dist/tex/latex/graphics-def/luatex.def
File: luatex.def 2024/04/13 v1.2e Graphics/color driver for luatex
) (/usr/local/texlive/2024/texmf-dist/tex/latex/graphics/mathcolor.ltx)
Package xcolor Info: Model `cmy' substituted by `cmy0' on input line 1350.
Package xcolor Info: Model `hsb' substituted by `rgb' on input line 1354.
Package xcolor Info: Model `RGB' extended on input line 1366.
Package xcolor Info: Model `HTML' substituted by `rgb' on input line 1368.
Package xcolor Info: Model `Hsb' substituted by `hsb' on input line 1369.
Package xcolor Info: Model `tHsb' substituted by `hsb' on input line 1370.
Package xcolor Info: Model `HSB' substituted by `hsb' on input line 1371.
Package xcolor Info: Model `Gray' substituted by `gray' on input line 1372.
Package xcolor Info: Model `wave' substituted by `hsb' on input line 1373.
) (/usr/local/texlive/2024/texmf-dist/tex/latex/hyperref/hyperref.sty
Package: hyperref 2024-07-10 v7.01j Hypertext links for LaTeX
 (/usr/local/texlive/2024/texmf-dist/tex/latex/kvsetkeys/kvsetkeys.sty
Package: kvsetkeys 2022-10-05 v1.19 Key value parser (HO)
) (/usr/local/texlive/2024/texmf-dist/tex/generic/kvdefinekeys/kvdefinekeys.sty
Package: kvdefinekeys 2019-12-19 v1.6 Define keys (HO)
) (/usr/local/texlive/2024/texmf-dist/tex/generic/pdfescape/pdfescape.sty
Package: pdfescape 2019/12/09 v1.15 Implements pdfTeX's escape features (HO)
 (/usr/local/texlive/2024/texmf-dist/tex/generic/ltxcmds/ltxcmds.sty
Package: ltxcmds 2023-12-04 v1.26 LaTeX kernel commands for general use (HO)
) (/usr/local/texlive/2024/texmf-dist/tex/generic/pdftexcmds/pdftexcmds.sty
Package: pdftexcmds 2020-06-27 v0.33 Utility functions of pdfTeX for LuaTeX (HO)
 (/usr/local/texlive/2024/texmf-dist/tex/generic/infwarerr/infwarerr.sty
Package: infwarerr 2019/12/03 v1.5 Providing info/warning/error messages (HO)
)
Package pdftexcmds Info: \pdf@primitive is available.
Package pdftexcmds Info: \pdf@ifprimitive is available.
Package pdftexcmds Info: \pdfdraftmode found.
\pdftexcmds@toks=\toks24
)) (/usr/local/texlive/2024/texmf-dist/tex/latex/hycolor/hycolor.sty
Package: hycolor 2020-01-27 v1.10 Color options for hyperref/bookmark (HO)
) (/usr/local/texlive/2024/texmf-dist/tex/latex/hyperref/nameref.sty
Package: nameref 2023-11-26 v2.56 Cross-referencing by name of section
 (/usr/local/texlive/2024/texmf-dist/tex/latex/refcount/refcount.sty
Package: refcount 2019/12/15 v3.6 Data extraction from label references (HO)
) (/usr/local/texlive/2024/texmf-dist/tex/generic/gettitlestring/gettitlestring.sty
Package: gettitlestring 2019/12/15 v1.6 Cleanup title references (HO)
 (/usr/local/texlive/2024/texmf-dist/tex/latex/kvoptions/kvoptions.sty
Package: kvoptions 2022-06-15 v3.15 Key value format for package options (HO)
))
\c@section@level=\count275
) (/usr/local/texlive/2024/texmf-dist/tex/generic/stringenc/stringenc.sty
Package: stringenc 2019/11/29 v1.12 Convert strings between diff. encodings (HO)
)
\@linkdim=\dimen158
\Hy@linkcounter=\count276
\Hy@pagecounter=\count277
 (/usr/local/texlive/2024/texmf-dist/tex/latex/hyperref/pd1enc.def
File: pd1enc.def 2024-07-10 v7.01j Hyperref: PDFDocEncoding definition (HO)
) (/usr/local/texlive/2024/texmf-dist/tex/generic/intcalc/intcalc.sty
Package: intcalc 2019/12/15 v1.3 Expandable calculations with integers (HO)
)
\Hy@SavedSpaceFactor=\count278
 (/usr/local/texlive/2024/texmf-dist/tex/latex/hyperref/puenc.def
File: puenc.def 2024-07-10 v7.01j Hyperref: PDF Unicode definition (HO)
)
Package hyperref Info: Hyper figures OFF on input line 4157.
Package hyperref Info: Link nesting OFF on input line 4162.
Package hyperref Info: Hyper index ON on input line 4165.
Package hyperref Info: Plain pages OFF on input line 4172.
Package hyperref Info: Backreferencing OFF on input line 4177.
Package hyperref Info: Implicit mode ON; LaTeX internals redefined.
Package hyperref Info: Bookmarks ON on input line 4424.
\c@Hy@tempcnt=\count279
 (/usr/local/texlive/2024/texmf-dist/tex/latex/url/url.sty
\Urlmuskip=\muskip17
Package: url 2013/09/16  ver 3.4  Verb mode for urls, etc.
)
LaTeX Info: Redefining \url on input line 4763.
\XeTeXLinkMargin=\dimen159
 (/usr/local/texlive/2024/texmf-dist/tex/generic/bitset/bitset.sty
Package: bitset 2019/12/09 v1.3 Handle bit-vector datatype (HO)
 (/usr/local/texlive/2024/texmf-dist/tex/generic/bigintcalc/bigintcalc.sty
Package: bigintcalc 2019/12/15 v1.5 Expandable calculations on big integers (HO)
))
\Fld@menulength=\count280
\Field@Width=\dimen160
\Fld@charsize=\dimen161
Package hyperref Info: Hyper figures OFF on input line 6042.
Package hyperref Info: Link nesting OFF on input line 6047.
Package hyperref Info: Hyper index ON on input line 6050.
Package hyperref Info: backreferencing OFF on input line 6057.
Package hyperref Info: Link coloring OFF on input line 6062.
Package hyperref Info: Link coloring with OCG OFF on input line 6067.
Package hyperref Info: PDF/A mode OFF on input line 6072.
 (/usr/local/texlive/2024/texmf-dist/tex/latex/base/atbegshi-ltx.sty
Package: atbegshi-ltx 2021/01/10 v1.0c Emulation of the original atbegshi
package with kernel methods
)
\Hy@abspage=\count281
\c@Item=\count282
\c@Hfootnote=\count283
)
Package hyperref Info: Driver (autodetected): hluatex.
 (/usr/local/texlive/2024/texmf-dist/tex/latex/hyperref/hluatex.def
File: hluatex.def 2024-07-10 v7.01j Hyperref driver for luaTeX
 (/usr/local/texlive/2024/texmf-dist/tex/latex/base/atveryend-ltx.sty
Package: atveryend-ltx 2020/08/19 v1.0a Emulation of the original atveryend package
with kernel methods
)
\Fld@listcount=\count284
\c@bookmark@seq@number=\count285
 (/usr/local/texlive/2024/texmf-dist/tex/latex/rerunfilecheck/rerunfilecheck.sty
Package: rerunfilecheck 2022-07-10 v1.10 Rerun checks for auxiliary files (HO)
 (/usr/local/texlive/2024/texmf-dist/tex/generic/uniquecounter/uniquecounter.sty
Package: uniquecounter 2019/12/15 v1.4 Provide unlimited unique counter (HO)
)
Package uniquecounter Info: New unique counter `rerunfilecheck' on input line 285.
)
\Hy@SectionHShift=\skip55
) (/usr/local/texlive/2024/texmf-dist/tex/latex/ebgaramond/ebgaramond.sty
Package: ebgaramond 2024/04/23 (Bob Tennent and autoinst) Style file for EB Garamond fonts.
 (/usr/local/texlive/2024/texmf-dist/tex/generic/iftex/ifxetex.sty
Package: ifxetex 2019/10/25 v0.7 ifxetex legacy package. Use iftex instead.
) (/usr/local/texlive/2024/texmf-dist/tex/generic/iftex/ifluatex.sty
Package: ifluatex 2019/10/25 v1.5 ifluatex legacy package. Use iftex instead.
) (/usr/local/texlive/2024/texmf-dist/tex/latex/xkeyval/xkeyval.sty
Package: xkeyval 2022/06/16 v2.9 package option processing (HA)
 (/usr/local/texlive/2024/texmf-dist/tex/generic/xkeyval/xkeyval.tex (/usr/local/texlive/2024/texmf-dist/tex/generic/xkeyval/xkvutils.tex
\XKV@toks=\toks25
\XKV@tempa@toks=\toks26
)
\XKV@depth=\count286
File: xkeyval.tex 2014/12/03 v2.7a key=value parser (HA)
)) (/usr/local/texlive/2024/texmf-dist/tex/latex/base/textcomp.sty
Package: textcomp 2024/04/24 v2.1b Standard LaTeX package
) (/usr/local/texlive/2024/texmf-dist/tex/latex/fontspec/fontspec.sty (/usr/local/texlive/2024/texmf-dist/tex/latex/l3packages/xparse/xparse.sty (/usr/local/texlive/2024/texmf-dist/tex/latex/l3kernel/expl3.sty
Package: expl3 2024-07-20 L3 programming layer (loader) 
 (/usr/local/texlive/2024/texmf-dist/tex/latex/l3backend/l3backend-luatex.def
File: l3backend-luatex.def 2024-05-08 L3 backend support: PDF output (LuaTeX)
\l__color_backend_stack_int=\count287
Inserting `l3color' in `luaotfload.parse_color'.
\l__pdf_internal_box=\box56
))
Package: xparse 2024-05-08 L3 Experimental document command parser
)
Package: fontspec 2024/05/11 v2.9e Font selection for XeLaTeX and LuaLaTeX
Lua module: fontspec 2024/05/11 2.9e Font selection for XeLaTeX and LuaLaTeX (/usr/local/texlive/2024/texmf-dist/tex/latex/fontspec/fontspec-luatex.sty
Package: fontspec-luatex 2024/05/11 v2.9e Font selection for XeLaTeX and LuaLaTeX
\l__fontspec_script_int=\count288
\l__fontspec_language_int=\count289
\l__fontspec_strnum_int=\count290
\l__fontspec_tmp_int=\count291
\l__fontspec_tmpa_int=\count292
\l__fontspec_tmpb_int=\count293
\l__fontspec_tmpc_int=\count294
\l__fontspec_em_int=\count295
\l__fontspec_emdef_int=\count296
\l__fontspec_strong_int=\count297
\l__fontspec_strongdef_int=\count298
\l__fontspec_tmpa_dim=\dimen162
\l__fontspec_tmpb_dim=\dimen163
\l__fontspec_tmpc_dim=\dimen164
 (/usr/local/texlive/2024/texmf-dist/tex/latex/base/fontenc.sty
Package: fontenc 2021/04/29 v2.0v Standard LaTeX package
) (/usr/local/texlive/2024/texmf-dist/tex/latex/fontspec/fontspec.cfg)))

Package fontspec Info: 
(fontspec)             EBGaramond-Regular scale = 1.


Package fontspec Info: 
(fontspec)             EBGaramond-Italic scale = 1.


Package fontspec Info: 
(fontspec)             EBGaramond-Italic scale = 1.


Package fontspec Info: 
(fontspec)             EBGaramond-BoldItalic scale = 1.


Package fontspec Info: 
(fontspec)             EBGaramond-BoldItalic scale = 1.


Package fontspec Info: 
(fontspec)             EBGaramond-Regular scale = 1.


Package fontspec Info: 
(fontspec)             EBGaramond-Regular scale = 1.


Package fontspec Info: 
(fontspec)             EBGaramond-Bold scale = 1.


Package fontspec Info: 
(fontspec)             EBGaramond-Bold scale = 1.


Package fontspec Info: 
(fontspec)             EBGaramond-Italic scale = 1.


Package fontspec Info: 
(fontspec)             EBGaramond-Italic scale = 1.


Package fontspec Info: 
(fontspec)             EBGaramond-BoldItalic scale = 1.


Package fontspec Info: 
(fontspec)             EBGaramond-BoldItalic scale = 1.


Package fontspec Info: 
(fontspec)             Font family 'EBGaramond(0)' created for font
(fontspec)             'EBGaramond' with options [Ligatures = TeX,Scale =
(fontspec)             1,SmallCapsFeatures={Renderer=Basic},Extension =
(fontspec)             .otf,Ligatures=TeX,Numbers =
(fontspec)             {Proportional,OldStyle},UprightFont =
(fontspec)             *-Regular,ItalicFont = *-Italic,BoldFont =
(fontspec)             *-Bold,BoldItalicFont =
(fontspec)             *-BoldItalic,FontFace={m}{sw}{Font=*-Italic,Style=Swash},FontFace={b}{sw}{Font=*-BoldItalic,Style=Swash}].
(fontspec)              
(fontspec)              This font family consists of the following NFSS
(fontspec)             series/shapes:
(fontspec)              
(fontspec)             - 'swash' (m/sw) with NFSS spec.:
(fontspec)             <->s*[1]"[EBGaramond-Italic.otf]:mode=node;script=latn;language=dflt;+tlig;+pnum;+onum;+swsh;"
(fontspec)             -  (m/scsw) with NFSS spec.:
(fontspec)             <->s*[1]"[EBGaramond-Italic.otf]:mode=base;script=latn;language=dflt;+tlig;+pnum;+onum;+swsh;+smcp;"
(fontspec)             - 'bold swash' (b/sw) with NFSS spec.:
(fontspec)             <->s*[1]"[EBGaramond-BoldItalic.otf]:mode=node;script=latn;language=dflt;+tlig;+pnum;+onum;+swsh;"
(fontspec)             -  (b/scsw) with NFSS spec.:
(fontspec)             <->s*[1]"[EBGaramond-BoldItalic.otf]:mode=base;script=latn;language=dflt;+tlig;+pnum;+onum;+swsh;+smcp;"
(fontspec)             - 'normal' (m/n) with NFSS spec.:
(fontspec)             <->s*[1]"[EBGaramond-Regular.otf]:mode=node;script=latn;language=dflt;+tlig;+pnum;+onum;"
(fontspec)             - 'small caps'  (m/sc) with NFSS spec.:
(fontspec)             <->s*[1]"[EBGaramond-Regular.otf]:mode=base;script=latn;language=dflt;+tlig;+pnum;+onum;+smcp;"
(fontspec)             - 'bold' (b/n) with NFSS spec.:
(fontspec)             <->s*[1]"[EBGaramond-Bold.otf]:mode=node;script=latn;language=dflt;+tlig;+pnum;+onum;"
(fontspec)             - 'bold small caps'  (b/sc) with NFSS spec.:
(fontspec)             <->s*[1]"[EBGaramond-Bold.otf]:mode=base;script=latn;language=dflt;+tlig;+pnum;+onum;+smcp;"
(fontspec)             - 'italic' (m/it) with NFSS spec.:
(fontspec)             <->s*[1]"[EBGaramond-Italic.otf]:mode=node;script=latn;language=dflt;+tlig;+pnum;+onum;"
(fontspec)             - 'italic small caps'  (m/scit) with NFSS spec.:
(fontspec)             <->s*[1]"[EBGaramond-Italic.otf]:mode=base;script=latn;language=dflt;+tlig;+pnum;+onum;+smcp;"
(fontspec)             - 'bold italic' (b/it) with NFSS spec.:
(fontspec)             <->s*[1]"[EBGaramond-BoldItalic.otf]:mode=node;script=latn;language=dflt;+tlig;+pnum;+onum;"
(fontspec)             - 'bold italic small caps'  (b/scit) with NFSS spec.:
(fontspec)             <->s*[1]"[EBGaramond-BoldItalic.otf]:mode=base;script=latn;language=dflt;+tlig;+pnum;+onum;+smcp;"

LaTeX Font Info:    Font shape `TU/EBGaramond(0)/m/n' will be
(Font)              scaled to size 10.95pt on input line 123.

Package fontspec Info: 
(fontspec)             EBGaramond-Regular scale = 1.


Package fontspec Info: 
(fontspec)             EBGaramond-Regular scale = 1.


Package fontspec Info: 
(fontspec)             EBGaramond-Regular scale = 1.


Package fontspec Info: 
(fontspec)             EBGaramond-Bold scale = 1.


Package fontspec Info: 
(fontspec)             EBGaramond-Bold scale = 1.


Package fontspec Info: 
(fontspec)             EBGaramond-Italic scale = 1.


Package fontspec Info: 
(fontspec)             EBGaramond-Italic scale = 1.


Package fontspec Info: 
(fontspec)             EBGaramond-BoldItalic scale = 1.


Package fontspec Info: 
(fontspec)             EBGaramond-BoldItalic scale = 1.


Package fontspec Info: 
(fontspec)             Font family 'EBGaramond(1)' created for font
(fontspec)             'EBGaramond' with options [Ligatures = TeX,Scale =
(fontspec)             1,SmallCapsFeatures={Renderer=Basic},Extension =
(fontspec)             .otf,Numbers = {Proportional,OldStyle},UprightFont =
(fontspec)             *-Regular,ItalicFont = *-Italic,BoldFont =
(fontspec)             *-Bold,BoldItalicFont = *-BoldItalic].
(fontspec)              
(fontspec)              This font family consists of the following NFSS
(fontspec)             series/shapes:
(fontspec)              
(fontspec)             - 'normal' (m/n) with NFSS spec.:
(fontspec)             <->s*[1]"[EBGaramond-Regular.otf]:mode=node;script=latn;language=dflt;+tlig;+pnum;+onum;"
(fontspec)             - 'small caps'  (m/sc) with NFSS spec.:
(fontspec)             <->s*[1]"[EBGaramond-Regular.otf]:mode=base;script=latn;language=dflt;+tlig;+pnum;+onum;+smcp;"
(fontspec)             - 'bold' (b/n) with NFSS spec.:
(fontspec)             <->s*[1]"[EBGaramond-Bold.otf]:mode=node;script=latn;language=dflt;+tlig;+pnum;+onum;"
(fontspec)             - 'bold small caps'  (b/sc) with NFSS spec.:
(fontspec)             <->s*[1]"[EBGaramond-Bold.otf]:mode=base;script=latn;language=dflt;+tlig;+pnum;+onum;+smcp;"
(fontspec)             - 'italic' (m/it) with NFSS spec.:
(fontspec)             <->s*[1]"[EBGaramond-Italic.otf]:mode=node;script=latn;language=dflt;+tlig;+pnum;+onum;"
(fontspec)             - 'italic small caps'  (m/scit) with NFSS spec.:
(fontspec)             <->s*[1]"[EBGaramond-Italic.otf]:mode=base;script=latn;language=dflt;+tlig;+pnum;+onum;+smcp;"
(fontspec)             - 'bold italic' (b/it) with NFSS spec.:
(fontspec)             <->s*[1]"[EBGaramond-BoldItalic.otf]:mode=node;script=latn;language=dflt;+tlig;+pnum;+onum;"
(fontspec)             - 'bold italic small caps'  (b/scit) with NFSS spec.:
(fontspec)             <->s*[1]"[EBGaramond-BoldItalic.otf]:mode=base;script=latn;language=dflt;+tlig;+pnum;+onum;+smcp;"

luaotfload | aux : font no 25 (nil) defines no feature for script latn
luaotfload | aux : font no 25 (nil) defines no feature for script dflt

Package fontspec Info: 
(fontspec)             EBGaramond-Initials scale = 1.


Package fontspec Info: 
(fontspec)             EBGaramond-Initials scale = 1.


Package fontspec Info: 
(fontspec)             Font family 'EBGaramond-Initials(0)' created for font
(fontspec)             'EBGaramond-Initials' with options [Ligatures =
(fontspec)             TeX,Scale =
(fontspec)             1,SmallCapsFeatures={Renderer=Basic},Extension =
(fontspec)             .otf,BoldFont={},ItalicFont={},SmallCapsFont={}].
(fontspec)              
(fontspec)              This font family consists of the following NFSS
(fontspec)             series/shapes:
(fontspec)              
(fontspec)             - 'normal' (m/n) with NFSS spec.:
(fontspec)             <->s*[1]"[EBGaramond-Initials.otf]:mode=node;language=dflt;+tlig;"

LaTeX Info: Redefining \oldstylenums on input line 134.
LaTeX Info: Redefining \liningnums on input line 135.
LaTeX Info: Redefining \textin on input line 138.
LaTeX Info: Redefining \textsw on input line 173.
)
\c@papersi=\count299
\enitdp@papers=\count300
 (./cv.aux)
\openout1 = cv.aux

LaTeX Font Info:    Checking defaults for OML/cmm/m/it on input line 321.
LaTeX Font Info:    ... okay on input line 321.
LaTeX Font Info:    Checking defaults for OMS/cmsy/m/n on input line 321.
LaTeX Font Info:    ... okay on input line 321.
LaTeX Font Info:    Checking defaults for OT1/cmr/m/n on input line 321.
LaTeX Font Info:    ... okay on input line 321.
LaTeX Font Info:    Checking defaults for T1/cmr/m/n on input line 321.
LaTeX Font Info:    ... okay on input line 321.
LaTeX Font Info:    Checking defaults for TS1/cmr/m/n on input line 321.
LaTeX Font Info:    Trying to load font information for TS1+cmr on input line 321.
 (/usr/local/texlive/2024/texmf-dist/tex/latex/base/ts1cmr.fd
File: ts1cmr.fd 2023/04/13 v2.5m Standard LaTeX font definitions
)
LaTeX Font Info:    ... okay on input line 321.
LaTeX Font Info:    Checking defaults for TU/lmr/m/n on input line 321.
LaTeX Font Info:    ... okay on input line 321.
LaTeX Font Info:    Checking defaults for OMX/cmex/m/n on input line 321.
LaTeX Font Info:    ... okay on input line 321.
LaTeX Font Info:    Checking defaults for U/cmr/m/n on input line 321.
LaTeX Font Info:    ... okay on input line 321.
LaTeX Font Info:    Checking defaults for PD1/pdf/m/n on input line 321.
LaTeX Font Info:    ... okay on input line 321.
LaTeX Font Info:    Checking defaults for PU/pdf/m/n on input line 321.
LaTeX Font Info:    ... okay on input line 321.

*geometry* driver: auto-detecting
*geometry* detected driver: luatex
*geometry* verbose mode - [ preamble ] result:
* driver: luatex
* paper: a4paper
* layout: <same size as paper>
* layoutoffset:(h,v)=(0.0pt,0.0pt)
* modes: 
* h-part:(L,W,R)=(68.2866pt, 460.93466pt, 68.2866pt)
* v-part:(T,H,B)=(54.06023pt, 734.08112pt, 56.9055pt)
* \paperwidth=597.50787pt
* \paperheight=845.04684pt
* \textwidth=460.93466pt
* \textheight=734.08112pt
* \oddsidemargin=-3.98338pt
* \evensidemargin=-3.98338pt
* \topmargin=-55.20976pt
* \headheight=12.0pt
* \headsep=25.0pt
* \topskip=11.0pt
* \footskip=30.0pt
* \marginparwidth=50.0pt
* \marginparsep=10.0pt
* \columnsep=10.0pt
* \skip\footins=10.0pt plus 4.0pt minus 2.0pt
* \hoffset=0.0pt
* \voffset=0.0pt
* \mag=1000
* \@twocolumnfalse
* \@twosidefalse
* \@mparswitchfalse
* \@reversemarginfalse
* (1in=72.27pt=25.4mm, 1cm=28.453pt)

LaTeX Info: Redefining \microtypecontext on input line 321.
Package microtype Info: Applying patch `item' on input line 321.
Package microtype Info: Applying patch `toc' on input line 321.
Package microtype Info: Applying patch `eqnum' on input line 321.
Package microtype Info: Applying patch `footnote' on input line 321.
Package microtype Info: Applying patch `verbatim' on input line 321.
Package microtype Info: Generating PDF output.
Package microtype Info: Character protrusion enabled (level 2).
Package microtype Info: Using default protrusion set `alltext'.
Package microtype Info: Automatic font expansion enabled (level 2),
(microtype)             stretch: 20, shrink: 20, step: 1, non-selected.
Package microtype Info: Using default expansion set `alltext-nott'.
LaTeX Info: Redefining \showhyphens on input line 321.
Package microtype Info: No adjustment of tracking.
Package microtype Info: No adjustment of spacing.
Package microtype Info: No adjustment of kerning.
(/usr/local/texlive/2024/texmf-dist/tex/latex/microtype/mt-EBGaramond.cfg
File: mt-EBGaramond.cfg 2021/10/25 v2.0 microtype config. file: EB Garamond / Adobe Garamond (RS)
) (/usr/local/texlive/2024/texmf-dist/tex/context/base/mkii/supp-pdf.mkii
[Loading MPS to PDF converter (version 2006.09.02).]
\scratchcounter=\count301
\scratchdimen=\dimen165
\scratchbox=\box57
\nofMPsegments=\count302
\nofMParguments=\count303
\everyMPshowfont=\toks27
\MPscratchCnt=\count304
\MPscratchDim=\dimen166
\MPnumerator=\count305
\makeMPintoPDFobject=\count306
\everyMPtoPDFconversion=\toks28
)
Package hyperref Info: Link coloring OFF on input line 321.
 (./cv.out) (./cv.out)
\@outlinefile=\write3

\openout3 = cv.out

Package fontspec Info: 
(fontspec)             Adjusting the maths setup (use [no-math] to avoid
(fontspec)             this).

\symlegacymaths=\mathgroup4
LaTeX Font Info:    Overwriting symbol font `legacymaths' in version `bold'
(Font)                  OT1/cmr/m/n --> OT1/cmr/bx/n on input line 321.
LaTeX Font Info:    Redeclaring math accent \acute on input line 321.
LaTeX Font Info:    Redeclaring math accent \grave on input line 321.
LaTeX Font Info:    Redeclaring math accent \ddot on input line 321.
LaTeX Font Info:    Redeclaring math accent \tilde on input line 321.
LaTeX Font Info:    Redeclaring math accent \bar on input line 321.
LaTeX Font Info:    Redeclaring math accent \breve on input line 321.
LaTeX Font Info:    Redeclaring math accent \check on input line 321.
LaTeX Font Info:    Redeclaring math accent \hat on input line 321.
LaTeX Font Info:    Redeclaring math accent \dot on input line 321.
LaTeX Font Info:    Redeclaring math accent \mathring on input line 321.
LaTeX Font Info:    Redeclaring math symbol \colon on input line 321.
LaTeX Font Info:    Redeclaring math symbol \Gamma on input line 321.
LaTeX Font Info:    Redeclaring math symbol \Delta on input line 321.
LaTeX Font Info:    Redeclaring math symbol \Theta on input line 321.
LaTeX Font Info:    Redeclaring math symbol \Lambda on input line 321.
LaTeX Font Info:    Redeclaring math symbol \Xi on input line 321.
LaTeX Font Info:    Redeclaring math symbol \Pi on input line 321.
LaTeX Font Info:    Redeclaring math symbol \Sigma on input line 321.
LaTeX Font Info:    Redeclaring math symbol \Upsilon on input line 321.
LaTeX Font Info:    Redeclaring math symbol \Phi on input line 321.
LaTeX Font Info:    Redeclaring math symbol \Psi on input line 321.
LaTeX Font Info:    Redeclaring math symbol \Omega on input line 321.
LaTeX Font Info:    Redeclaring math symbol \mathdollar on input line 321.
LaTeX Font Info:    Redeclaring symbol font `operators' on input line 321.
LaTeX Font Info:    Encoding `OT1' has changed to `TU' for symbol font
(Font)              `operators' in the math version `normal' on input line 321.
LaTeX Font Info:    Overwriting symbol font `operators' in version `normal'
(Font)                  OT1/cmr/m/n --> TU/EBGaramond(0)/m/n on input line 321.
LaTeX Font Info:    Encoding `OT1' has changed to `TU' for symbol font
(Font)              `operators' in the math version `bold' on input line 321.
LaTeX Font Info:    Overwriting symbol font `operators' in version `bold'
(Font)                  OT1/cmr/bx/n --> TU/EBGaramond(0)/m/n on input line 321.
LaTeX Font Info:    Overwriting symbol font `operators' in version `normal'
(Font)                  TU/EBGaramond(0)/m/n --> TU/EBGaramond(0)/m/n on input line 321.
LaTeX Font Info:    Overwriting math alphabet `\mathit' in version `normal'
(Font)                  OT1/cmr/m/it --> TU/EBGaramond(0)/m/it on input line 321.
LaTeX Font Info:    Overwriting math alphabet `\mathbf' in version `normal'
(Font)                  OT1/cmr/bx/n --> TU/EBGaramond(0)/b/n on input line 321.
LaTeX Font Info:    Overwriting math alphabet `\mathsf' in version `normal'
(Font)                  OT1/cmss/m/n --> TU/lmss/m/n on input line 321.
LaTeX Font Info:    Overwriting math alphabet `\mathtt' in version `normal'
(Font)                  OT1/cmtt/m/n --> TU/lmtt/m/n on input line 321.
LaTeX Font Info:    Overwriting symbol font `operators' in version `bold'
(Font)                  TU/EBGaramond(0)/m/n --> TU/EBGaramond(0)/b/n on input line 321.
LaTeX Font Info:    Overwriting math alphabet `\mathit' in version `bold'
(Font)                  OT1/cmr/bx/it --> TU/EBGaramond(0)/b/it on input line 321.
LaTeX Font Info:    Overwriting math alphabet `\mathsf' in version `bold'
(Font)                  OT1/cmss/bx/n --> TU/lmss/b/n on input line 321.
LaTeX Font Info:    Overwriting math alphabet `\mathtt' in version `bold'
(Font)                  OT1/cmtt/m/n --> TU/lmtt/b/n on input line 321.
LaTeX Font Info:    Font shape `TU/EBGaramond(0)/m/n' will be
(Font)              scaled to size 28.0pt on input line 327.
LaTeX Font Info:    Font shape `TU/EBGaramond(0)/m/sc' will be
(Font)              scaled to size 28.0pt on input line 327.
 (/usr/local/texlive/2024/texmf-dist/tex/latex/microtype/mt-cmr.cfg)
LaTeX Font Info:    Font shape `TU/EBGaramond(0)/m/n' will be
(Font)              scaled to size 11.5pt on input line 360.
LaTeX Font Info:    Font shape `TU/EBGaramond(0)/b/n' will be
(Font)              scaled to size 11.5pt on input line 360.

Package fontspec Info: 
(fontspec)             EBGaramond-Regular scale = 1.


Package fontspec Info: 
(fontspec)             EBGaramond-Italic scale = 1.


Package fontspec Info: 
(fontspec)             EBGaramond-Italic scale = 1.


Package fontspec Info: 
(fontspec)             EBGaramond-BoldItalic scale = 1.


Package fontspec Info: 
(fontspec)             EBGaramond-BoldItalic scale = 1.


Package fontspec Info: 
(fontspec)             EBGaramond-Regular scale = 1.


Package fontspec Info: 
(fontspec)             EBGaramond-Regular scale = 1.


Package fontspec Info: 
(fontspec)             EBGaramond-Bold scale = 1.


Package fontspec Info: 
(fontspec)             EBGaramond-Bold scale = 1.


Package fontspec Info: 
(fontspec)             EBGaramond-Italic scale = 1.


Package fontspec Info: 
(fontspec)             EBGaramond-Italic scale = 1.


Package fontspec Info: 
(fontspec)             EBGaramond-BoldItalic scale = 1.


Package fontspec Info: 
(fontspec)             EBGaramond-BoldItalic scale = 1.


Package fontspec Info: 
(fontspec)             Font family 'EBGaramond(2)' created for font
(fontspec)             'EBGaramond' with options [Ligatures = TeX,Scale =
(fontspec)             1,SmallCapsFeatures={Renderer=Basic},Extension =
(fontspec)             .otf,Ligatures=TeX,Numbers =
(fontspec)             {Proportional,OldStyle},UprightFont =
(fontspec)             *-Regular,ItalicFont = *-Italic,BoldFont =
(fontspec)             *-Bold,BoldItalicFont =
(fontspec)             *-BoldItalic,FontFace={m}{sw}{Font=*-Italic,Style=Swash},FontFace={b}{sw}{Font=*-BoldItalic,Style=Swash},Numbers=Tabular].
(fontspec)              
(fontspec)              This font family consists of the following NFSS
(fontspec)             series/shapes:
(fontspec)              
(fontspec)             - 'swash' (m/sw) with NFSS spec.:
(fontspec)             <->s*[1]"[EBGaramond-Italic.otf]:mode=node;script=latn;language=dflt;+tlig;+onum;+tnum;+swsh;"
(fontspec)             -  (m/scsw) with NFSS spec.:
(fontspec)             <->s*[1]"[EBGaramond-Italic.otf]:mode=base;script=latn;language=dflt;+tlig;+onum;+tnum;+swsh;+smcp;"
(fontspec)             - 'bold swash' (b/sw) with NFSS spec.:
(fontspec)             <->s*[1]"[EBGaramond-BoldItalic.otf]:mode=node;script=latn;language=dflt;+tlig;+onum;+tnum;+swsh;"
(fontspec)             -  (b/scsw) with NFSS spec.:
(fontspec)             <->s*[1]"[EBGaramond-BoldItalic.otf]:mode=base;script=latn;language=dflt;+tlig;+onum;+tnum;+swsh;+smcp;"
(fontspec)             - 'normal' (m/n) with NFSS spec.:
(fontspec)             <->s*[1]"[EBGaramond-Regular.otf]:mode=node;script=latn;language=dflt;+tlig;+onum;+tnum;"
(fontspec)             - 'small caps'  (m/sc) with NFSS spec.:
(fontspec)             <->s*[1]"[EBGaramond-Regular.otf]:mode=base;script=latn;language=dflt;+tlig;+onum;+tnum;+smcp;"
(fontspec)             - 'bold' (b/n) with NFSS spec.:
(fontspec)             <->s*[1]"[EBGaramond-Bold.otf]:mode=node;script=latn;language=dflt;+tlig;+onum;+tnum;"
(fontspec)             - 'bold small caps'  (b/sc) with NFSS spec.:
(fontspec)             <->s*[1]"[EBGaramond-Bold.otf]:mode=base;script=latn;language=dflt;+tlig;+onum;+tnum;+smcp;"
(fontspec)             - 'italic' (m/it) with NFSS spec.:
(fontspec)             <->s*[1]"[EBGaramond-Italic.otf]:mode=node;script=latn;language=dflt;+tlig;+onum;+tnum;"
(fontspec)             - 'italic small caps'  (m/scit) with NFSS spec.:
(fontspec)             <->s*[1]"[EBGaramond-Italic.otf]:mode=base;script=latn;language=dflt;+tlig;+onum;+tnum;+smcp;"
(fontspec)             - 'bold italic' (b/it) with NFSS spec.:
(fontspec)             <->s*[1]"[EBGaramond-BoldItalic.otf]:mode=node;script=latn;language=dflt;+tlig;+onum;+tnum;"
(fontspec)             - 'bold italic small caps'  (b/scit) with NFSS spec.:
(fontspec)             <->s*[1]"[EBGaramond-BoldItalic.otf]:mode=base;script=latn;language=dflt;+tlig;+onum;+tnum;+smcp;"


Package fontspec Info: 
(fontspec)             EBGaramond-Regular scale = 1.


Package fontspec Info: 
(fontspec)             EBGaramond-Italic scale = 1.


Package fontspec Info: 
(fontspec)             EBGaramond-Italic scale = 1.


Package fontspec Info: 
(fontspec)             EBGaramond-BoldItalic scale = 1.


Package fontspec Info: 
(fontspec)             EBGaramond-BoldItalic scale = 1.


Package fontspec Info: 
(fontspec)             EBGaramond-Regular scale = 1.


Package fontspec Info: 
(fontspec)             EBGaramond-Regular scale = 1.


Package fontspec Info: 
(fontspec)             EBGaramond-Bold scale = 1.


Package fontspec Info: 
(fontspec)             EBGaramond-Bold scale = 1.


Package fontspec Info: 
(fontspec)             EBGaramond-Italic scale = 1.


Package fontspec Info: 
(fontspec)             EBGaramond-Italic scale = 1.


Package fontspec Info: 
(fontspec)             EBGaramond-BoldItalic scale = 1.


Package fontspec Info: 
(fontspec)             EBGaramond-BoldItalic scale = 1.


Package fontspec Info: 
(fontspec)             Font family 'EBGaramond(3)' created for font
(fontspec)             'EBGaramond' with options [Ligatures = TeX,Scale =
(fontspec)             1,SmallCapsFeatures={Renderer=Basic},Extension =
(fontspec)             .otf,Ligatures=TeX,Numbers =
(fontspec)             {Proportional,OldStyle},UprightFont =
(fontspec)             *-Regular,ItalicFont = *-Italic,BoldFont =
(fontspec)             *-Bold,BoldItalicFont =
(fontspec)             *-BoldItalic,FontFace={m}{sw}{Font=*-Italic,Style=Swash},FontFace={b}{sw}{Font=*-BoldItalic,Style=Swash},Numbers=Tabular,Numbers=Lining].
(fontspec)              
(fontspec)              This font family consists of the following NFSS
(fontspec)             series/shapes:
(fontspec)              
(fontspec)             - 'swash' (m/sw) with NFSS spec.:
(fontspec)             <->s*[1]"[EBGaramond-Italic.otf]:mode=node;script=latn;language=dflt;+tlig;+tnum;+lnum;+swsh;"
(fontspec)             -  (m/scsw) with NFSS spec.:
(fontspec)             <->s*[1]"[EBGaramond-Italic.otf]:mode=base;script=latn;language=dflt;+tlig;+tnum;+lnum;+swsh;+smcp;"
(fontspec)             - 'bold swash' (b/sw) with NFSS spec.:
(fontspec)             <->s*[1]"[EBGaramond-BoldItalic.otf]:mode=node;script=latn;language=dflt;+tlig;+tnum;+lnum;+swsh;"
(fontspec)             -  (b/scsw) with NFSS spec.:
(fontspec)             <->s*[1]"[EBGaramond-BoldItalic.otf]:mode=base;script=latn;language=dflt;+tlig;+tnum;+lnum;+swsh;+smcp;"
(fontspec)             - 'normal' (m/n) with NFSS spec.:
(fontspec)             <->s*[1]"[EBGaramond-Regular.otf]:mode=node;script=latn;language=dflt;+tlig;+tnum;+lnum;"
(fontspec)             - 'small caps'  (m/sc) with NFSS spec.:
(fontspec)             <->s*[1]"[EBGaramond-Regular.otf]:mode=base;script=latn;language=dflt;+tlig;+tnum;+lnum;+smcp;"
(fontspec)             - 'bold' (b/n) with NFSS spec.:
(fontspec)             <->s*[1]"[EBGaramond-Bold.otf]:mode=node;script=latn;language=dflt;+tlig;+tnum;+lnum;"
(fontspec)             - 'bold small caps'  (b/sc) with NFSS spec.:
(fontspec)             <->s*[1]"[EBGaramond-Bold.otf]:mode=base;script=latn;language=dflt;+tlig;+tnum;+lnum;+smcp;"
(fontspec)             - 'italic' (m/it) with NFSS spec.:
(fontspec)             <->s*[1]"[EBGaramond-Italic.otf]:mode=node;script=latn;language=dflt;+tlig;+tnum;+lnum;"
(fontspec)             - 'italic small caps'  (m/scit) with NFSS spec.:
(fontspec)             <->s*[1]"[EBGaramond-Italic.otf]:mode=base;script=latn;language=dflt;+tlig;+tnum;+lnum;+smcp;"
(fontspec)             - 'bold italic' (b/it) with NFSS spec.:
(fontspec)             <->s*[1]"[EBGaramond-BoldItalic.otf]:mode=node;script=latn;language=dflt;+tlig;+tnum;+lnum;"
(fontspec)             - 'bold italic small caps'  (b/scit) with NFSS spec.:
(fontspec)             <->s*[1]"[EBGaramond-BoldItalic.otf]:mode=base;script=latn;language=dflt;+tlig;+tnum;+lnum;+smcp;"


Package fontspec Info: 
(fontspec)             EBGaramond-Regular scale = 1.


Package fontspec Info: 
(fontspec)             EBGaramond-Regular scale = 1.


Package fontspec Info: 
(fontspec)             EBGaramond-Regular scale = 1.


Package fontspec Info: 
(fontspec)             EBGaramond-Regular scale = 1.


Package fontspec Info: 
(fontspec)             EBGaramond-Regular scale = 1.


Package fontspec Info: 
(fontspec)             EBGaramond-Regular scale = 1.


Package fontspec Info: 
(fontspec)             EBGaramond-Regular scale = 1.


Package fontspec Info: 
(fontspec)             EBGaramond-Regular scale = 1.


Package fontspec Info: 
(fontspec)             EBGaramond-Regular scale = 1.


Package fontspec Info: 
(fontspec)             EBGaramond-Regular scale = 1.


Package fontspec Info: 
(fontspec)             EBGaramond-Regular scale = 1.


Package fontspec Info: 
(fontspec)             EBGaramond-Regular scale = 1.


Package fontspec Info: 
(fontspec)             EBGaramond-Regular scale = 1.


Package fontspec Info: 
(fontspec)             EBGaramond-Regular scale = 1.


Package fontspec Info: 
(fontspec)             EBGaramond-Regular scale = 1.


Package fontspec Info: 
(fontspec)             EBGaramond-Regular scale = 1.


Package fontspec Info: 
(fontspec)             EBGaramond-Regular scale = 1.


Package fontspec Info: 
(fontspec)             EBGaramond-Regular scale = 1.


Package fontspec Info: 
(fontspec)             EBGaramond-Regular scale = 1.


Package fontspec Info: 
(fontspec)             EBGaramond-Regular scale = 1.


Package fontspec Info: 
(fontspec)             EBGaramond-Regular scale = 1.


Package fontspec Info: 
(fontspec)             EBGaramond-Regular scale = 1.


Package fontspec Info: 
(fontspec)             EBGaramond-Regular scale = 1.


Package fontspec Info: 
(fontspec)             EBGaramond-Regular scale = 1.


Package fontspec Info: 
(fontspec)             EBGaramond-Regular scale = 1.


Underfull \hbox (badness 10000) in paragraph at lines 420--421

 []


Package fontspec Info: 
(fontspec)             EBGaramond-Regular scale = 1.


Package fontspec Info: 
(fontspec)             EBGaramond-Regular scale = 1.


Package fontspec Info: 
(fontspec)             EBGaramond-Regular scale = 1.


Package fontspec Info: 
(fontspec)             EBGaramond-Regular scale = 1.


Package fontspec Info: 
(fontspec)             EBGaramond-Regular scale = 1.


Package fontspec Info: 
(fontspec)             EBGaramond-Regular scale = 1.


Underfull \hbox (badness 10000) in paragraph at lines 426--427

 []


Package fontspec Info: 
(fontspec)             EBGaramond-Regular scale = 1.


Package fontspec Info: 
(fontspec)             EBGaramond-Italic scale = 1.


Package fontspec Info: 
(fontspec)             EBGaramond-Italic scale = 1.


Package fontspec Info: 
(fontspec)             EBGaramond-BoldItalic scale = 1.


Package fontspec Info: 
(fontspec)             EBGaramond-BoldItalic scale = 1.


Package fontspec Info: 
(fontspec)             EBGaramond-Regular scale = 1.


Package fontspec Info: 
(fontspec)             EBGaramond-Regular scale = 1.


Package fontspec Info: 
(fontspec)             EBGaramond-Bold scale = 1.


Package fontspec Info: 
(fontspec)             EBGaramond-Bold scale = 1.


Package fontspec Info: 
(fontspec)             EBGaramond-Italic scale = 1.


Package fontspec Info: 
(fontspec)             EBGaramond-Italic scale = 1.


Package fontspec Info: 
(fontspec)             EBGaramond-BoldItalic scale = 1.


Package fontspec Info: 
(fontspec)             EBGaramond-BoldItalic scale = 1.


Package fontspec Info: 
(fontspec)             Font family 'EBGaramond(4)' created for font
(fontspec)             'EBGaramond' with options [Ligatures = TeX,Scale =
(fontspec)             1,SmallCapsFeatures={Renderer=Basic},Extension =
(fontspec)             .otf,Ligatures=TeX,Numbers =
(fontspec)             {Proportional,OldStyle},UprightFont =
(fontspec)             *-Regular,ItalicFont = *-Italic,BoldFont =
(fontspec)             *-Bold,BoldItalicFont =
(fontspec)             *-BoldItalic,FontFace={m}{sw}{Font=*-Italic,Style=Swash},FontFace={b}{sw}{Font=*-BoldItalic,Style=Swash},Numbers=Lining].
(fontspec)              
(fontspec)              This font family consists of the following NFSS
(fontspec)             series/shapes:
(fontspec)              
(fontspec)             - 'swash' (m/sw) with NFSS spec.:
(fontspec)             <->s*[1]"[EBGaramond-Italic.otf]:mode=node;script=latn;language=dflt;+tlig;+pnum;+lnum;+swsh;"
(fontspec)             -  (m/scsw) with NFSS spec.:
(fontspec)             <->s*[1]"[EBGaramond-Italic.otf]:mode=base;script=latn;language=dflt;+tlig;+pnum;+lnum;+swsh;+smcp;"
(fontspec)             - 'bold swash' (b/sw) with NFSS spec.:
(fontspec)             <->s*[1]"[EBGaramond-BoldItalic.otf]:mode=node;script=latn;language=dflt;+tlig;+pnum;+lnum;+swsh;"
(fontspec)             -  (b/scsw) with NFSS spec.:
(fontspec)             <->s*[1]"[EBGaramond-BoldItalic.otf]:mode=base;script=latn;language=dflt;+tlig;+pnum;+lnum;+swsh;+smcp;"
(fontspec)             - 'normal' (m/n) with NFSS spec.:
(fontspec)             <->s*[1]"[EBGaramond-Regular.otf]:mode=node;script=latn;language=dflt;+tlig;+pnum;+lnum;"
(fontspec)             - 'small caps'  (m/sc) with NFSS spec.:
(fontspec)             <->s*[1]"[EBGaramond-Regular.otf]:mode=base;script=latn;language=dflt;+tlig;+pnum;+lnum;+smcp;"
(fontspec)             - 'bold' (b/n) with NFSS spec.:
(fontspec)             <->s*[1]"[EBGaramond-Bold.otf]:mode=node;script=latn;language=dflt;+tlig;+pnum;+lnum;"
(fontspec)             - 'bold small caps'  (b/sc) with NFSS spec.:
(fontspec)             <->s*[1]"[EBGaramond-Bold.otf]:mode=base;script=latn;language=dflt;+tlig;+pnum;+lnum;+smcp;"
(fontspec)             - 'italic' (m/it) with NFSS spec.:
(fontspec)             <->s*[1]"[EBGaramond-Italic.otf]:mode=node;script=latn;language=dflt;+tlig;+pnum;+lnum;"
(fontspec)             - 'italic small caps'  (m/scit) with NFSS spec.:
(fontspec)             <->s*[1]"[EBGaramond-Italic.otf]:mode=base;script=latn;language=dflt;+tlig;+pnum;+lnum;+smcp;"
(fontspec)             - 'bold italic' (b/it) with NFSS spec.:
(fontspec)             <->s*[1]"[EBGaramond-BoldItalic.otf]:mode=node;script=latn;language=dflt;+tlig;+pnum;+lnum;"
(fontspec)             - 'bold italic small caps'  (b/scit) with NFSS spec.:
(fontspec)             <->s*[1]"[EBGaramond-BoldItalic.otf]:mode=base;script=latn;language=dflt;+tlig;+pnum;+lnum;+smcp;"


Package fontspec Info: 
(fontspec)             EBGaramond-Regular scale = 1.


Package fontspec Info: 
(fontspec)             EBGaramond-Regular scale = 1.


Package fontspec Info: 
(fontspec)             EBGaramond-Regular scale = 1.


Package fontspec Info: 
(fontspec)             EBGaramond-Regular scale = 1.


Package fontspec Info: 
(fontspec)             EBGaramond-Regular scale = 1.


Package fontspec Info: 
(fontspec)             EBGaramond-Regular scale = 1.


Package fontspec Info: 
(fontspec)             EBGaramond-Regular scale = 1.


Package fontspec Info: 
(fontspec)             EBGaramond-Regular scale = 1.

LaTeX Font Info:    Font shape `TU/EBGaramond(0)/b/n' will be
(Font)              scaled to size 10.95pt on input line 448.

Package fontspec Info: 
(fontspec)             EBGaramond-Regular scale = 1.


Package fontspec Info: 
(fontspec)             EBGaramond-Regular scale = 1.


Package fontspec Info: 
(fontspec)             EBGaramond-Regular scale = 1.


Package fontspec Info: 
(fontspec)             EBGaramond-Regular scale = 1.


Package fontspec Info: 
(fontspec)             EBGaramond-Regular scale = 1.


Package fontspec Info: 
(fontspec)             EBGaramond-Regular scale = 1.


Underfull \hbox (badness 10000) in paragraph at lines 458--459

 []


Package fontspec Info: 
(fontspec)             EBGaramond-Regular scale = 1.


Package fontspec Info: 
(fontspec)             EBGaramond-Regular scale = 1.


Package fontspec Info: 
(fontspec)             EBGaramond-Regular scale = 1.


Package fontspec Info: 
(fontspec)             EBGaramond-Regular scale = 1.


Package fontspec Info: 
(fontspec)             EBGaramond-Regular scale = 1.


Package fontspec Info: 
(fontspec)             EBGaramond-Regular scale = 1.


Underfull \hbox (badness 10000) in paragraph at lines 473--474

 []


Package fontspec Info: 
(fontspec)             EBGaramond-Regular scale = 1.


Package fontspec Info: 
(fontspec)             EBGaramond-Regular scale = 1.


Package fontspec Info: 
(fontspec)             EBGaramond-Regular scale = 1.


Package fontspec Info: 
(fontspec)             EBGaramond-Regular scale = 1.


Package fontspec Info: 
(fontspec)             EBGaramond-Regular scale = 1.


Package fontspec Info: 
(fontspec)             EBGaramond-Regular scale = 1.


Package fontspec Info: 
(fontspec)             EBGaramond-Regular scale = 1.


Package fontspec Info: 
(fontspec)             EBGaramond-Regular scale = 1.


Package fontspec Info: 
(fontspec)             EBGaramond-Regular scale = 1.



[1

{/usr/local/texlive/2024/texmf-var/fonts/map/pdftex/updmap/pdftex.map}]

Package fontspec Info: 
(fontspec)             EBGaramond-Regular scale = 1.


Package fontspec Info: 
(fontspec)             EBGaramond-Regular scale = 1.


Package fontspec Info: 
(fontspec)             EBGaramond-Regular scale = 1.


Package fontspec Info: 
(fontspec)             EBGaramond-Regular scale = 1.


Package fontspec Info: 
(fontspec)             EBGaramond-Regular scale = 1.


Package fontspec Info: 
(fontspec)             EBGaramond-Regular scale = 1.


Package fontspec Info: 
(fontspec)             EBGaramond-Regular scale = 1.


Package fontspec Info: 
(fontspec)             EBGaramond-Regular scale = 1.


Package fontspec Info: 
(fontspec)             EBGaramond-Regular scale = 1.


Package fontspec Info: 
(fontspec)             EBGaramond-Regular scale = 1.


Package fontspec Info: 
(fontspec)             EBGaramond-Regular scale = 1.


Package fontspec Info: 
(fontspec)             EBGaramond-Regular scale = 1.


Package fontspec Info: 
(fontspec)             EBGaramond-Regular scale = 1.


Package fontspec Info: 
(fontspec)             EBGaramond-Regular scale = 1.


Package fontspec Info: 
(fontspec)             EBGaramond-Regular scale = 1.


Underfull \hbox (badness 10000) in paragraph at lines 510--511

 []


Package fontspec Info: 
(fontspec)             EBGaramond-Regular scale = 1.


Package fontspec Info: 
(fontspec)             EBGaramond-Regular scale = 1.


Package fontspec Info: 
(fontspec)             EBGaramond-Regular scale = 1.


Package fontspec Info: 
(fontspec)             EBGaramond-Regular scale = 1.


Package fontspec Info: 
(fontspec)             EBGaramond-Regular scale = 1.


Package fontspec Info: 
(fontspec)             EBGaramond-Regular scale = 1.


Underfull \hbox (badness 10000) in paragraph at lines 525--526

 []



[2] (./cv.aux)
 ***********
LaTeX2e <2024-06-01> patch level 2
L3 programming layer <2024-07-20>
 ***********
Package rerunfilecheck Info: File `cv.out' has not changed.
(rerunfilecheck)             Checksum: D41D8CD98F00B204E9800998ECF8427E;0.
)

Here is how much of LuaTeX's memory you used:
 14665 strings out of 475910
 125240,1977958 words of node,token memory allocated
 500 words of node memory still in use:
   4 hlist, 1 vlist, 1 rule, 1 local_par, 4 glue, 3 kern, 1 penalty, 2 margin_kern, 6 glyph, 5 attribute, 51 glue_spec, 5 attribute_list, 1 write nodes
   avail lists: 1:1,2:843,3:345,4:202,5:638,6:246,7:6890,8:2,9:1075,10:3,11:455
 37088 multiletter control sequences out of 65536+600000
 46 fonts using 10778471 bytes
 94i,12n,123p,1033b,629s stack positions out of 10000i,1000n,20000p,200000b,200000s
</usr/local/texlive/2024/texmf-dist/fonts/opentype/public/ebgaramond/EBGaramond-Bold.otf></usr/local/texlive/2024/texmf-dist/fonts/opentype/public/ebgaramond/EBGaramond-Regular.otf></usr/local/texlive/2024/texmf-dist/fonts/opentype/public/ebgaramond/EBGaramond-Regular.otf>
Output written on cv.pdf (2 pages, 24213 bytes).

PDF statistics: 47 PDF objects out of 1000 (max. 8388607)
 29 compressed objects within 1 object stream
 5 named destinations out of 1000 (max. 131072)
 1 words of extra memory for PDF output out of 10000 (max. 100000000)

